# rules-emission.golden — the per-dispatch rule-context tax, per agent.
#
# Generated. Do not hand-edit. To update after a deliberate cut:
#
#   cd hooks && UPDATE_RULES_GOLDEN=1 npx vitest run lib/__tests__/rules-emission-golden.test.ts
#
# That run rewrites this file and then fails on purpose, so the flag can
# never be left on in a green run. Reviewing the diff is the whole obligation:
# growth is allowed here, and the budget report says when a cleanup is due.
#
# One block per agent: the files bin/fusion-rules emits under <plugin>/rules,
# in emission order, each with its byte size, then the agent's total. Paths
# are relative to <plugin>/rules. Project-side rules and stilwerk voice
# profiles are out of scope — they vary per consuming project.

[analyst]
  agent-setup.md 2792
  fusion-workbench-conventions.md 35668
  decision-record-examples.md 4291
  user-facing-output.md 16690
  critical-stance.md 5317
  git-branch-discipline.md 6299
  protected-path-discipline.md 21063
  design-diagrams.md 5673
  total 97793

[bugfixer]
  agent-setup.md 2792
  fusion-workbench-conventions.md 35668
  decision-record-examples.md 4291
  user-facing-output.md 16690
  critical-stance.md 5317
  git-branch-discipline.md 6299
  protected-path-discipline.md 21063
  total 92120

[coder]
  agent-setup.md 2792
  fusion-workbench-conventions.md 35668
  decision-record-examples.md 4291
  user-facing-output.md 16690
  critical-stance.md 5317
  git-branch-discipline.md 6299
  protected-path-discipline.md 21063
  total 92120

[coderev]
  agent-setup.md 2792
  fusion-workbench-conventions.md 35668
  decision-record-examples.md 4291
  user-facing-output.md 16690
  critical-stance.md 5317
  git-branch-discipline.md 6299
  protected-path-discipline.md 21063
  total 92120

[conceptrev]
  agent-setup.md 2792
  fusion-workbench-conventions.md 35668
  decision-record-examples.md 4291
  user-facing-output.md 16690
  critical-stance.md 5317
  git-branch-discipline.md 6299
  protected-path-discipline.md 21063
  design-diagrams.md 5673
  total 97793

[consultant]
  agent-setup.md 2792
  fusion-workbench-conventions.md 35668
  decision-record-examples.md 4291
  user-facing-output.md 16690
  critical-stance.md 5317
  git-branch-discipline.md 6299
  protected-path-discipline.md 21063
  total 92120

[editor]
  agent-setup.md 2792
  fusion-workbench-conventions.md 35668
  decision-record-examples.md 4291
  user-facing-output.md 16690
  critical-stance.md 5317
  git-branch-discipline.md 6299
  protected-path-discipline.md 21063
  total 92120

[investigator]
  agent-setup.md 2792
  fusion-workbench-conventions.md 35668
  decision-record-examples.md 4291
  user-facing-output.md 16690
  critical-stance.md 5317
  git-branch-discipline.md 6299
  protected-path-discipline.md 21063
  design-diagrams.md 5673
  total 97793

[ontocoder]
  agent-setup.md 2792
  fusion-workbench-conventions.md 35668
  decision-record-examples.md 4291
  user-facing-output.md 16690
  critical-stance.md 5317
  git-branch-discipline.md 6299
  protected-path-discipline.md 21063
  total 92120

[ontorev]
  agent-setup.md 2792
  fusion-workbench-conventions.md 35668
  decision-record-examples.md 4291
  user-facing-output.md 16690
  critical-stance.md 5317
  git-branch-discipline.md 6299
  protected-path-discipline.md 21063
  total 92120

[orchestrator]
  agent-setup.md 2792
  fusion-workbench-conventions.md 35668
  decision-record-examples.md 4291
  user-facing-output.md 16690
  critical-stance.md 5317
  git-branch-discipline.md 6299
  protected-path-discipline.md 21063
  circle-records.md 9305
  workbench-stash-and-lock.md 11180
  total 112605

[planner]
  agent-setup.md 2792
  fusion-workbench-conventions.md 35668
  decision-record-examples.md 4291
  user-facing-output.md 16690
  critical-stance.md 5317
  git-branch-discipline.md 6299
  protected-path-discipline.md 21063
  design-diagrams.md 5673
  total 97793

[playmaker]
  agent-setup.md 2792
  fusion-workbench-conventions.md 35668
  decision-record-examples.md 4291
  user-facing-output.md 16690
  critical-stance.md 5317
  git-branch-discipline.md 6299
  protected-path-discipline.md 21063
  circle-records.md 9305
  total 101425

[reconciler]
  agent-setup.md 2792
  fusion-workbench-conventions.md 35668
  decision-record-examples.md 4291
  user-facing-output.md 16690
  critical-stance.md 5317
  git-branch-discipline.md 6299
  protected-path-discipline.md 21063
  total 92120

[shaper]
  agent-setup.md 2792
  fusion-workbench-conventions.md 35668
  decision-record-examples.md 4291
  user-facing-output.md 16690
  critical-stance.md 5317
  git-branch-discipline.md 6299
  protected-path-discipline.md 21063
  design-diagrams.md 5673
  circle-records.md 9305
  total 107098

[taskplanner]
  agent-setup.md 2792
  fusion-workbench-conventions.md 35668
  decision-record-examples.md 4291
  user-facing-output.md 16690
  critical-stance.md 5317
  git-branch-discipline.md 6299
  protected-path-discipline.md 21063
  design-diagrams.md 5673
  total 97793
