# rules-emission.golden — the per-dispatch rule-context tax, per agent.
#
# Generated. Do not hand-edit. To update after a deliberate cut:
#
#   cd hooks && UPDATE_RULES_GOLDEN=1 npx vitest run lib/__tests__/rules-emission-golden.test.ts
#
# That run rewrites this file and then fails on purpose, so the flag can
# never be left on in a green run. Reviewing the diff is the whole obligation:
# growth is allowed here, and the budget report says when a cleanup is due.
#
# One block per agent: the files bin/fusion-rules emits under <plugin>/rules,
# in emission order, each with its byte size, then the agent's total. Paths
# are relative to <plugin>/rules. Project-side rules and stilwerk voice
# profiles are out of scope — they vary per consuming project.

[analyst]
  agent-setup.md 3904
  fusion-workbench-conventions.md 49851
  critical-stance.md 10530
  design-diagrams.md 5285
  total 69570

[bugfixer]
  agent-setup.md 3904
  fusion-workbench-conventions.md 49851
  critical-stance.md 10530
  total 64285

[coder]
  agent-setup.md 3904
  fusion-workbench-conventions.md 49851
  critical-stance.md 10530
  total 64285

[coderev]
  agent-setup.md 3904
  fusion-workbench-conventions.md 49851
  critical-stance.md 10530
  review-contract.md 6364
  total 70649

[consultant]
  agent-setup.md 3904
  fusion-workbench-conventions.md 49851
  critical-stance.md 10530
  user-facing-output.md 9156
  total 73441

[curator]
  agent-setup.md 3904
  fusion-workbench-conventions.md 49851
  critical-stance.md 10530
  user-facing-output.md 9156
  total 73441

[editor]
  agent-setup.md 3904
  fusion-workbench-conventions.md 49851
  critical-stance.md 10530
  user-facing-output.md 9156
  project-language.md 5788
  total 79229

[ontocoder]
  agent-setup.md 3904
  fusion-workbench-conventions.md 49851
  critical-stance.md 10530
  total 64285

[ontorev]
  agent-setup.md 3904
  fusion-workbench-conventions.md 49851
  critical-stance.md 10530
  review-contract.md 6364
  total 70649

[orchestrator]
  agent-setup.md 3904
  fusion-workbench-conventions.md 49851
  critical-stance.md 10530
  user-facing-output.md 9156
  decision-record-examples.md 4527
  circle-records.md 24653
  commit-lock.md 7020
  total 109641

[planner]
  agent-setup.md 3904
  fusion-workbench-conventions.md 49851
  critical-stance.md 10530
  decision-record-examples.md 4527
  design-diagrams.md 5285
  total 74097

[playmaker]
  agent-setup.md 3904
  fusion-workbench-conventions.md 49851
  critical-stance.md 10530
  user-facing-output.md 9156
  decision-record-examples.md 4527
  circle-records.md 24653
  backlog-entries.md 2812
  total 105433

[reconciler]
  agent-setup.md 3904
  fusion-workbench-conventions.md 49851
  critical-stance.md 10530
  decision-record-examples.md 4527
  total 68812

[shaper]
  agent-setup.md 3904
  fusion-workbench-conventions.md 49851
  critical-stance.md 10530
  user-facing-output.md 9156
  decision-record-examples.md 4527
  design-diagrams.md 5285
  circle-records.md 24653
  total 107906

[taskplanner]
  agent-setup.md 3904
  fusion-workbench-conventions.md 49851
  critical-stance.md 10530
  design-diagrams.md 5285
  total 69570
