# rules-emission.golden — the per-dispatch rule-context tax, per agent.
#
# Generated. Do not hand-edit. To update after a deliberate cut:
#
#   cd hooks && UPDATE_RULES_GOLDEN=1 npx vitest run lib/__tests__/rules-emission-golden.test.ts
#
# That run rewrites this file and then fails on purpose, so the flag can
# never be left on in a green run. Reviewing the diff is the whole obligation:
# growth is allowed here, and the budget report says when a cleanup is due.
#
# One block per agent: the files bin/fusion-rules emits under <plugin>/rules,
# in emission order, each with its byte size, then the agent's total. Paths
# are relative to <plugin>/rules. Project-side rules and stilwerk voice
# profiles are out of scope — they vary per consuming project.

[analyst]
  agent-setup.md 3455
  fusion-workbench-conventions.md 60335
  decision-record-examples.md 4527
  user-facing-output.md 20354
  critical-stance.md 9888
  design-diagrams.md 5285
  total 103844

[bugfixer]
  agent-setup.md 3455
  fusion-workbench-conventions.md 60335
  decision-record-examples.md 4527
  user-facing-output.md 20354
  critical-stance.md 9888
  total 98559

[coder]
  agent-setup.md 3455
  fusion-workbench-conventions.md 60335
  decision-record-examples.md 4527
  user-facing-output.md 20354
  critical-stance.md 9888
  total 98559

[coderev]
  agent-setup.md 3455
  fusion-workbench-conventions.md 60335
  decision-record-examples.md 4527
  user-facing-output.md 20354
  critical-stance.md 9888
  review-contract.md 6364
  total 104923

[consultant]
  agent-setup.md 3455
  fusion-workbench-conventions.md 60335
  decision-record-examples.md 4527
  user-facing-output.md 20354
  critical-stance.md 9888
  total 98559

[curator]
  agent-setup.md 3455
  fusion-workbench-conventions.md 60335
  decision-record-examples.md 4527
  user-facing-output.md 20354
  critical-stance.md 9888
  total 98559

[editor]
  agent-setup.md 3455
  fusion-workbench-conventions.md 60335
  decision-record-examples.md 4527
  user-facing-output.md 20354
  critical-stance.md 9888
  total 98559

[ontocoder]
  agent-setup.md 3455
  fusion-workbench-conventions.md 60335
  decision-record-examples.md 4527
  user-facing-output.md 20354
  critical-stance.md 9888
  total 98559

[ontorev]
  agent-setup.md 3455
  fusion-workbench-conventions.md 60335
  decision-record-examples.md 4527
  user-facing-output.md 20354
  critical-stance.md 9888
  review-contract.md 6364
  total 104923

[orchestrator]
  agent-setup.md 3455
  fusion-workbench-conventions.md 60335
  decision-record-examples.md 4527
  user-facing-output.md 20354
  critical-stance.md 9888
  circle-records.md 24653
  commit-lock.md 7020
  total 130232

[planner]
  agent-setup.md 3455
  fusion-workbench-conventions.md 60335
  decision-record-examples.md 4527
  user-facing-output.md 20354
  critical-stance.md 9888
  design-diagrams.md 5285
  total 103844

[playmaker]
  agent-setup.md 3455
  fusion-workbench-conventions.md 60335
  decision-record-examples.md 4527
  user-facing-output.md 20354
  critical-stance.md 9888
  circle-records.md 24653
  total 123212

[reconciler]
  agent-setup.md 3455
  fusion-workbench-conventions.md 60335
  decision-record-examples.md 4527
  user-facing-output.md 20354
  critical-stance.md 9888
  total 98559

[shaper]
  agent-setup.md 3455
  fusion-workbench-conventions.md 60335
  decision-record-examples.md 4527
  user-facing-output.md 20354
  critical-stance.md 9888
  design-diagrams.md 5285
  circle-records.md 24653
  total 128497

[taskplanner]
  agent-setup.md 3455
  fusion-workbench-conventions.md 60335
  decision-record-examples.md 4527
  user-facing-output.md 20354
  critical-stance.md 9888
  design-diagrams.md 5285
  total 103844
