# surface-growth.golden — what the bounded shipped surfaces measure, per file.
#
# Generated. Do not hand-edit. To update after a deliberate change:
#
#   cd hooks && UPDATE_SURFACE_GOLDEN=1 npx vitest run lib/__tests__/surface-growth-bound.test.ts
#
# That run rewrites this file and then fails on purpose, so the flag can never
# be left on in a green run. Reviewing the diff is the whole obligation.
#
# One block per surface: every file in it with its size, then the total.
# agents and skills are bytes; hook-tests are lines. Regenerating this file
# does not move any baseline and therefore never clears a bound.

[agents bytes]
  analyst.md 20821
  bugfixer.md 11503
  coder.md 9383
  coderev.md 8078
  consultant.md 14329
  curator.md 33921
  editor.md 13635
  ontocoder.md 13000
  ontorev.md 7031
  orchestrator.md 151733
  planner.md 19238
  playmaker.md 38216
  reconciler.md 19701
  shaper.md 28005
  taskplanner.md 14070
  total 402664

[skills bytes]
  archive/SKILL.md 24854
  cadence/SKILL.md 17244
  cleanup/SKILL.md 23569
  commit/SKILL.md 6233
  curate/SKILL.md 12467
  direct/SKILL.md 10682
  help/SKILL.md 17287
  log-activity/SKILL.md 13564
  memo/SKILL.md 12244
  migrate/SKILL.md 26630
  next/SKILL.md 25485
  setup/SKILL.md 45842
  total 236101

[hook-tests lines]
  commit-message-path.test.ts 354
  committed-dist.test.ts 329
  config.test.ts 795
  context-manifest.test.ts 472
  deliverable-language-lint.test.ts 140
  derivable-enumerations-lint.test.ts 453
  domain-cascade-order-lint.test.ts 234
  domain-cascade.test.ts 924
  executor-verification-report-lint.test.ts 217
  fenced-code-exemption.test.ts 168
  fusion-commit-lock.test.ts 371
  fusion-count-sources.test.ts 442
  fusion-paths.test.ts 878
  fusion-prose-metric.test.ts 162
  glob-nomatch-lint.test.ts 148
  guard-bash-integration.test.ts 417
  guard-project-config-integration.test.ts 423
  guard-state-shape.test.ts 251
  helpers/citation-scan.ts 950
  helpers/growth-bound.ts 123
  helpers/guard-harness.ts 975
  helpers/prompt-blocks.ts 28
  hook-fail-open.test.ts 621
  hooks-wiring.test.ts 103
  legacy-halt-clearing.test.ts 213
  marker-format-lint.test.ts 171
  monitor-warnings-panel.test.ts 1079
  path-literal-lint.test.ts 327
  paths.test.ts 51
  plan-stopping-section-lint.test.ts 284
  playmaker-backlog-mandate-lint.test.ts 391
  portfolio-citation-form-lint.test.ts 170
  provenance-header-lint.test.ts 448
  record-counts-measurement.test.ts 520
  reference-resolution-lint.test.ts 1053
  review-coverage-mandate.test.ts 354
  review-coverage.test.ts 819
  rules-emission-golden.test.ts 1165
  rules-voice-profile.test.ts 351
  sentence-identifier-containment.test.ts 425
  session-start-subdirectory.test.ts 159
  staging-drift.test.ts 674
  surface-growth-bound.test.ts 608
  turn-budget-lint.test.ts 523
  workbench-citation-lint.test.ts 347
  total 20110
