# surface-growth.golden — what the bounded shipped surfaces measure, per file.
#
# Generated. Do not hand-edit. To update after a deliberate change:
#
#   cd hooks && UPDATE_SURFACE_GOLDEN=1 npx vitest run lib/__tests__/surface-growth-bound.test.ts
#
# That run rewrites this file and then fails on purpose, so the flag can never
# be left on in a green run. Reviewing the diff is the whole obligation.
#
# One block per surface: every file in it with its size, then the total.
# agents and skills are bytes; hook-tests are lines. Regenerating this file
# does not move any baseline and therefore never clears a bound.

[agents bytes]
  analyst.md 21038
  bugfixer.md 11509
  coder.md 9649
  coderev.md 8141
  consultant.md 14329
  curator.md 34554
  editor.md 13635
  ontocoder.md 13262
  ontorev.md 7094
  orchestrator.md 151148
  planner.md 19725
  playmaker.md 41846
  reconciler.md 22825
  shaper.md 29057
  taskplanner.md 14070
  total 411882

[skills bytes]
  archive/SKILL.md 26364
  cadence/SKILL.md 16923
  cleanup/SKILL.md 23674
  commit/SKILL.md 6298
  curate/SKILL.md 12398
  direct/SKILL.md 10613
  help/SKILL.md 16919
  log-activity/SKILL.md 13629
  memo/SKILL.md 12336
  migrate/SKILL.md 26620
  next/SKILL.md 27604
  setup/SKILL.md 47236
  total 240614

[hook-tests lines]
  archive-filter-key.test.ts 40
  citation-grammar-boundaries.test.ts 116
  citation-sweep.test.ts 441
  commit-message-path.test.ts 315
  committed-dist.test.ts 332
  config.test.ts 859
  context-manifest.test.ts 472
  deliverable-language-lint.test.ts 138
  derivable-enumerations-lint.test.ts 453
  domain-cascade-order-lint.test.ts 234
  domain-cascade.test.ts 911
  executor-verification-report-lint.test.ts 217
  fenced-code-exemption.test.ts 224
  fusion-checkout-name.test.ts 177
  fusion-citation-check.test.ts 248
  fusion-commit-lock.test.ts 424
  fusion-count-sources.test.ts 442
  fusion-events.test.ts 322
  fusion-identity.test.ts 220
  fusion-paths.test.ts 873
  fusion-prose-metric.test.ts 174
  fusion-session-domain.test.ts 80
  glob-nomatch-lint.test.ts 148
  guard-bash-integration.test.ts 338
  guard-project-config-integration.test.ts 251
  guard-state-shape.test.ts 215
  helpers/citation-scan.ts 56
  helpers/growth-bound.ts 123
  helpers/guard-harness.ts 970
  helpers/prompt-blocks.ts 28
  hook-fail-open.test.ts 624
  hooks-wiring.test.ts 187
  identity-mint-notice.test.ts 118
  legacy-halt-clearing.test.ts 213
  marker-format-lint.test.ts 171
  monitor-warnings-panel.test.ts 1153
  path-literal-lint.test.ts 338
  paths.test.ts 31
  plan-stopping-section-lint.test.ts 266
  playmaker-backlog-mandate-lint.test.ts 357
  portfolio-citation-form-lint.test.ts 170
  provenance-header-lint.test.ts 448
  record-counts-measurement.test.ts 486
  reference-resolution-lint.test.ts 1004
  review-coverage-mandate.test.ts 353
  review-coverage.test.ts 818
  rules-emission-golden.test.ts 1150
  rules-voice-profile.test.ts 323
  sentence-identifier-containment.test.ts 425
  session-start-subdirectory.test.ts 159
  staging-drift.test.ts 673
  surface-growth-bound.test.ts 608
  turn-budget-lint.test.ts 525
  workbench-citation-lint.test.ts 325
  total 20766
